
> aivota-aac@1.0.30 world:text
> tsx scripts/world-text.ts --seed 12 --script tmp-sd/tiny.txt --transcript transcripts/zz-probe.txt

# world-text v1   proto=1
# world=game.spec  seed=12  locale=en  grid=8  dt=0.0167  settle=0.75s/8.0s
# engine=dee2fdb9+dirty
# started=2026-08-12T11:42:03.782Z
# ─────────────────────────────────────────
> wait 5
BOARD  __town__: house  [home]
  1. build  [build]  "Build."
NOTE   1 choice(s), the whole list.
TICK   waited 5.0s.
> scene
SCENE  house-1 — nothing in view, 86 place(s) around you.
  house-1 (house), here north, blue, you can see inside.
  house-2 (house), here south, blue, shut to you.
  house-3 (house), here north, blue, shut to you.
  house-4 (house), here north, blue, shut to you.
  44 houses, there east, all shut.
  38 houses, close east, all shut.
NOTE   about 1023 more people live in this city (1 district).
TICK   quiet after 0.8s.
# ─────────────────────────────────────────
# commands=2  presses=0  screens=1  sim=5.8s
# events: NOTE 2  TICK 2  BOARD 1  SCENE 1
transcript: transcripts/zz-probe.txt
